======================================================================
 Amazon ML Challenge 2026: Upgraded Training & Margin Calibration
======================================================================
Step 1: Loading ground truth...
Loaded ground truth for 2206821 entities in 7.61s
Step 2: Sampling S1 entities for Train and Validation...
Using saved split IDs: 25000 train, 6000 dev.
Loaded 25000 Train S1, 6000 Validation S1.
Identified 159142 true match target records needed (including holdout).
Step 3: Loading S2 and S3 background pool...
Loaded target pools in 67.14s: US=330746, India=222052
Step 4: Generating candidates and extracting training feature vectors...
  Extracted features for 2000/25000 train entities (300,928 pairs)...
  Extracted features for 4000/25000 train entities (602,337 pairs)...
  Extracted features for 6000/25000 train entities (904,043 pairs)...
  Extracted features for 8000/25000 train entities (1,205,897 pairs)...
  Extracted features for 10000/25000 train entities (1,507,132 pairs)...
  Extracted features for 12000/25000 train entities (1,808,268 pairs)...
  Extracted features for 14000/25000 train entities (2,109,496 pairs)...
  Extracted features for 16000/25000 train entities (2,410,789 pairs)...
  Extracted features for 18000/25000 train entities (2,711,827 pairs)...
  Extracted features for 20000/25000 train entities (3,013,653 pairs)...
  Extracted features for 22000/25000 train entities (3,315,277 pairs)...
  Extracted features for 24000/25000 train entities (3,616,671 pairs)...
Training dataset ready in 907.51s: 3767246 pairs (Positives=86379, Negatives=3680867)
Step 5: Training LightGBM Pairwise Classifier (num_leaves=63, max_depth=7, lr=0.06, n_estimators=300)...
LightGBM trained in 154.05s.
Top Feature Importances:
  composite_score             : 474622.4
  addr_token_set              : 313730.7
  score_rank_in_candidate_pool: 273239.2
  raw_blocking_weight         : 263025.9
  addr_token_containment      : 232538.4
  num_overlap                 : 73925.0
  name_partial_ratio          : 67023.6
  name_jaro_winkler           : 48656.2
  addr_len_diff               : 35446.4
  name_len_diff               : 31747.1
Step 6: Running validation inference and tuning adaptive margin thresholds...
Validation inference complete in 243.13s.
Validation Candidate Recall: 98.29% (20436/20791)

Starting Adaptive Two-Stage Grid Calibration:
  New Best: tau_singleton=0.60, tau_min=0.40, delta_margin=0.10 -> Dev Macro F0.5 = 0.97270
  New Best: tau_singleton=0.60, tau_min=0.40, delta_margin=0.15 -> Dev Macro F0.5 = 0.97390
  New Best: tau_singleton=0.60, tau_min=0.40, delta_margin=0.18 -> Dev Macro F0.5 = 0.97452
  New Best: tau_singleton=0.66, tau_min=0.40, delta_margin=0.18 -> Dev Macro F0.5 = 0.97485
  New Best: tau_singleton=0.80, tau_min=0.40, delta_margin=0.18 -> Dev Macro F0.5 = 0.97502

>>> Optimal Calibration: tau_singleton=0.80, tau_min=0.40, delta_margin=0.18 (Dev Macro F0.5 = 0.97502) <<<

Step 7: Evaluating on 14,998 S1 Holdout Split...
Holdout evaluation finished in 612.84s:
  Holdout Candidate Recall : 98.35%
  Holdout Macro F0.5       : 0.97259
  Holdout Precision        : 99.08%
  Holdout Recall           : 94.38%
  Holdout Singleton Acc    : 96.30%

Saved trained LightGBM model to experiments/final_scratch/lgbm_matcher.txt
Saved training configuration to experiments/final_scratch/config.json
======================================================================
